[tavern-html.axiomthemes.com/index.html]
[backblue.gif]
[fade.gif]
[index.html]
[tavern-html.axiomthemes.com/images/favicon.ico]
[tavern-html.axiomthemes.com/js/vendor/swiper/idangerous.swiper.css]
[tavern-html.axiomthemes.com/js/vendor/revslider/css/settings.css]
[tavern-html.axiomthemes.com/css/fontello/css/fontello.css]
[tavern-html.axiomthemes.com/css/style.css]
[tavern-html.axiomthemes.com/css/shortcodes.css]
[tavern-html.axiomthemes.com/css/core.animation.css]
[tavern-html.axiomthemes.com/css/skin.css]
[tavern-html.axiomthemes.com/css/responsive.css]
[tavern-html.axiomthemes.com/js/custom/core.messages/core.messages.css]
[tavern-html.axiomthemes.com/custom_tools/css/front.customizer.css]
[tavern-html.axiomthemes.com/images/slider-1-bg.jpg]
[tavern-html.axiomthemes.com/images/slider-1-slide-1-bottom.png]
[tavern-html.axiomthemes.com/images/slider-1-slide-1-top.png]
[tavern-html.axiomthemes.com/images/slider-1-slide-1-left.png]
[tavern-html.axiomthemes.com/images/slider-1-slide-1-right.png]
[tavern-html.axiomthemes.com/images/slider-1-slide-1-top-left.png]
[tavern-html.axiomthemes.com/images/slider-1-slide-2-bottom.png]
[tavern-html.axiomthemes.com/images/slider-1-slide-2-top.png]
[tavern-html.axiomthemes.com/images/slider-1-slide-2-left.png]
[tavern-html.axiomthemes.com/images/slider-1-slide-2-right.png]
[tavern-html.axiomthemes.com/images/slider-1-slide-2-left-top.png]
[tavern-html.axiomthemes.com/images/slider-1-slide-3-bottom.png]
[tavern-html.axiomthemes.com/images/slider-1-slide-3-top.png]
[tavern-html.axiomthemes.com/images/slider-1-slide-3-left.png]
[tavern-html.axiomthemes.com/images/slider-1-slide-3-right.png]
[tavern-html.axiomthemes.com/images/slider-1-slide-3-left-bottom.png]
[tavern-html.axiomthemes.com/images/slider-1-logo.png]
[tavern-html.axiomthemes.com/images/slider-1-button.png]
[tavern-html.axiomthemes.com/index-2.html]
[tavern-html.axiomthemes.com/images/logo.png]
[tavern-html.axiomthemes.com/images/logo_fixed.png]
[tavern-html.axiomthemes.com/index2.html]
[tavern-html.axiomthemes.com/index3.html]
[tavern-html.axiomthemes.com/our-brewery.html]
[tavern-html.axiomthemes.com/events-list.html]
[tavern-html.axiomthemes.com/events-single.html]
[tavern-html.axiomthemes.com/reservation.html]
[tavern-html.axiomthemes.com/features-staff.html]
[tavern-html.axiomthemes.com/features-staff-member-profile.html]
[tavern-html.axiomthemes.com/features-beer-shop.html]
[tavern-html.axiomthemes.com/features-404.html]
[tavern-html.axiomthemes.com/features-typography.html]
[tavern-html.axiomthemes.com/features-shortcodes.html]
[tavern-html.axiomthemes.com/gallery-cobbles.html]
[tavern-html.axiomthemes.com/gallery-grid.html]
[tavern-html.axiomthemes.com/gallery-margin-grid.html]
[tavern-html.axiomthemes.com/gallery-masonry.html]
[tavern-html.axiomthemes.com/blog-streampage.html]
[tavern-html.axiomthemes.com/blog-with-sidebar.html]
[tavern-html.axiomthemes.com/blog-without-sidebar.html]
[tavern-html.axiomthemes.com/contact-us.html]
[tavern-html.axiomthemes.com/images/home-1-img-1.jpg]
[tavern-html.axiomthemes.com/book.html]
[tavern-html.axiomthemes.com/images/beer-1.png]
[tavern-html.axiomthemes.com/images/beer-2.png]
[tavern-html.axiomthemes.com/images/beer-3.png]
[tavern-html.axiomthemes.com/images/beer-4.png]
[tavern-html.axiomthemes.com/images/tavern-menu-styling1.png]
[tavern-html.axiomthemes.com/images/tavern-menu-styling2.png]
[tavern-html.axiomthemes.com/images/tavern-menu-styling3.png]
[tavern-html.axiomthemes.com/images/tavern-menu-styling4.png]
[tavern-html.axiomthemes.com/images/tavern-menu-styling5.png]
[tavern-html.axiomthemes.com/images/team2-350x350.jpg]
[tavern-html.axiomthemes.com/images/team1-350x350.jpg]
[tavern-html.axiomthemes.com/images/team5-350x350.jpg]
[tavern-html.axiomthemes.com/images/logo-footer.png]
[tavern-html.axiomthemes.com/cdn-cgi/l/email-protection.html]
[tavern-html.axiomthemes.com/js/vendor/jquery-migrate.min.js]
[tavern-html.axiomthemes.com/js/vendor/jquery-1.11.3.min.js]
[tavern-html.axiomthemes.com/js/vendor/superfish.min.js]
[tavern-html.axiomthemes.com/js/custom/_main.js]
[tavern-html.axiomthemes.com/js/vendor/revslider/js/jquery.themepunch.tools.min.js]
[tavern-html.axiomthemes.com/js/custom/core.utils.js]
[tavern-html.axiomthemes.com/js/custom/shortcodes.js]
[tavern-html.axiomthemes.com/js/custom/core.init.js]
[tavern-html.axiomthemes.com/js/vendor/countdown/jquery.plugin.js]
[tavern-html.axiomthemes.com/js/custom/core.googlemap.js]
[tavern-html.axiomthemes.com/js/custom/core.messages/core.messages.js]
[tavern-html.axiomthemes.com/js/vendor/revslider/js/jquery.themepunch.revolution.min.js]
[tavern-html.axiomthemes.com/js/vendor/countdown/jquery.countdown.js]
[tavern-html.axiomthemes.com/index.html]
[tavern-html.axiomthemes.com/js/vendor/swiper/idangerous.swiper.css]
[tavern-html.axiomthemes.com/custom_tools/js/skin.customizer.js]
[tavern-html.axiomthemes.com/custom_tools/js/front.customizer.js]
[tavern-html.axiomthemes.com/js/vendor/swiper/idangerous.swiper-2.7.js]
[tavern-html.axiomthemes.com/js/vendor/revslider/images/gradient/g30.png]
[tavern-html.axiomthemes.com/js/vendor/revslider/images/gradient/g40.png]
[tavern-html.axiomthemes.com/js/vendor/revslider/assets/shadow1.png]
[tavern-html.axiomthemes.com/js/vendor/revslider/assets/shadow2.png]
[tavern-html.axiomthemes.com/js/vendor/revslider/assets/shadow3.png]
[tavern-html.axiomthemes.com/js/vendor/revslider/assets/gridtile.png]
[tavern-html.axiomthemes.com/js/vendor/revslider/assets/gridtile_white.png]
[tavern-html.axiomthemes.com/js/vendor/revslider/assets/gridtile_3x3.png]
[tavern-html.axiomthemes.com/js/vendor/revslider/assets/gridtile_3x3_white.png]
[tavern-html.axiomthemes.com/js/vendor/revslider/assets/boxed_bgtile.png]
[tavern-html.axiomthemes.com/js/vendor/revslider/assets/navigdots_bgtile.png]
[tavern-html.axiomthemes.com/js/vendor/revslider/assets/bullet.png]
[tavern-html.axiomthemes.com/js/vendor/revslider/assets/bullets.png]
[tavern-html.axiomthemes.com/js/vendor/revslider/assets/bullets2.png]
[tavern-html.axiomthemes.com/js/vendor/revslider/assets/bullet_boxed.png]
[tavern-html.axiomthemes.com/js/vendor/revslider/assets/navigdots.png]
[tavern-html.axiomthemes.com/js/vendor/revslider/assets/large_left.png]
[tavern-html.axiomthemes.com/js/vendor/revslider/assets/large_right.png]
[tavern-html.axiomthemes.com/js/vendor/revslider/assets/small_left.png]
[tavern-html.axiomthemes.com/js/vendor/revslider/assets/small_right.png]
[tavern-html.axiomthemes.com/js/vendor/revslider/assets/arrow_left.png]
[tavern-html.axiomthemes.com/js/vendor/revslider/assets/arrow_right.png]
[tavern-html.axiomthemes.com/js/vendor/revslider/assets/small_left_boxed.png]
[tavern-html.axiomthemes.com/js/vendor/revslider/assets/small_right_boxed.png]
[tavern-html.axiomthemes.com/js/vendor/revslider/assets/arrowleft.png]
[tavern-html.axiomthemes.com/js/vendor/revslider/assets/arrowright.png]
[tavern-html.axiomthemes.com/js/vendor/revslider/assets/arrow_left2.png]
[tavern-html.axiomthemes.com/js/vendor/revslider/assets/arrow_right2.png]
[tavern-html.axiomthemes.com/js/vendor/revslider/assets/timer.png]
[tavern-html.axiomthemes.com/js/vendor/revslider/assets/coloredbg.png]
[tavern-html.axiomthemes.com/js/vendor/revslider/assets/loader.gif]
[tavern-html.axiomthemes.com/js/vendor/revslider/font/revicons90c6.eot]
[tavern-html.axiomthemes.com/js/vendor/revslider/font/revicons90c6.woff]
[tavern-html.axiomthemes.com/js/vendor/revslider/font/revicons90c6.ttf]
[tavern-html.axiomthemes.com/js/vendor/revslider/css/settings.css]
[tavern-html.axiomthemes.com/js/vendor/revslider/font/revicons90c6.svg]
[tavern-html.axiomthemes.com/css/fontello/font/fontelloe6ee.ttf]
[tavern-html.axiomthemes.com/css/fontello/font/fontelloe6ee.eot]
[tavern-html.axiomthemes.com/css/fontello/css/fontello.css]
[tavern-html.axiomthemes.com/css/style.css]
[tavern-html.axiomthemes.com/css/shortcodes.css]
[tavern-html.axiomthemes.com/css/core.animation.css]
[tavern-html.axiomthemes.com/images/bg/h1_styling1.png]
[tavern-html.axiomthemes.com/css/fontello/font/fontelloe6ee.woff]
[tavern-html.axiomthemes.com/images/bg/h1_styling2.png]
[tavern-html.axiomthemes.com/images/bg/h1_styling3.png]
[tavern-html.axiomthemes.com/images/bg/footer_dark_bg.jpg]
[tavern-html.axiomthemes.com/images/bg/home-1-emailer-bg.jpg]
[tavern-html.axiomthemes.com/images/bg_over.png]
[tavern-html.axiomthemes.com/images/icons/tavern-menu-styling1.png]
[tavern-html.axiomthemes.com/images/icons/tavern-menu-styling2.png]
[tavern-html.axiomthemes.com/css/fontello/font/fontelloe6ee.svg]
[tavern-html.axiomthemes.com/images/icons/tavern-menu-styling3.png]
[tavern-html.axiomthemes.com/images/icons/tavern-menu-styling4.png]
[tavern-html.axiomthemes.com/images/icons/tavern-menu-styling5.png]
[tavern-html.axiomthemes.com/images/bg/tavern-menu-item-bg-light.png]
[tavern-html.axiomthemes.com/images/bg/tavern-menu-item-bg.png]
[tavern-html.axiomthemes.com/css/skin.css]
[tavern-html.axiomthemes.com/images/preloader.gif]
[tavern-html.axiomthemes.com/css/responsive.css]
[tavern-html.axiomthemes.com/js/custom/core.messages/core.messages.css]
[tavern-html.axiomthemes.com/custom_tools/images/colorpicker_dark.png]
[tavern-html.axiomthemes.com/custom_tools/images/colorpicker_light.png]
[tavern-html.axiomthemes.com/custom_tools/images/colorpicker_morecolors.png]
[tavern-html.axiomthemes.com/custom_tools/images/bg/image_1_thumb.jpg]
[tavern-html.axiomthemes.com/custom_tools/images/bg/image_1.jpg]
[tavern-html.axiomthemes.com/custom_tools/images/bg/image_2_thumb.jpg]
[tavern-html.axiomthemes.com/custom_tools/images/bg/image_2.jpg]
[tavern-html.axiomthemes.com/custom_tools/images/bg/image_3_thumb.jpg]
[tavern-html.axiomthemes.com/custom_tools/images/bg/image_3.jpg]
[tavern-html.axiomthemes.com/custom_tools/images/bg/image_4_thumb.jpg]
[tavern-html.axiomthemes.com/custom_tools/images/bg/image_4.jpg]
[tavern-html.axiomthemes.com/custom_tools/images/bg/texture_1.png]
[tavern-html.axiomthemes.com/custom_tools/images/bg/texture_2.png]
[tavern-html.axiomthemes.com/custom_tools/images/bg/texture_3.png]
[tavern-html.axiomthemes.com/custom_tools/images/bg/texture_4.png]
[tavern-html.axiomthemes.com/custom_tools/images/bg/texture_5.png]
[tavern-html.axiomthemes.com/custom_tools/images/bg/texture_6.png]
[tavern-html.axiomthemes.com/custom_tools/images/bg/texture_7.png]
[tavern-html.axiomthemes.com/custom_tools/images/bg/texture_8.png]
[tavern-html.axiomthemes.com/custom_tools/images/bg/texture_9.png]
[tavern-html.axiomthemes.com/custom_tools/images/bg/texture_10.png]
[tavern-html.axiomthemes.com/custom_tools/images/bg/texture_11.png]
[tavern-html.axiomthemes.com/custom_tools/images/bg/texture_12.png]
[tavern-html.axiomthemes.com/custom_tools/images/bg/image_5.jpg]
[tavern-html.axiomthemes.com/custom_tools/css/front.customizer.css]
[tavern-html.axiomthemes.com/custom_tools/images/bg/image_6.jpg]
[tavern-html.axiomthemes.com/index-2.html]
[tavern-html.axiomthemes.com/js/vendor/essential-grid/public/assets/css/settings.css]
[tavern-html.axiomthemes.com/js/vendor/essential-grid/public/assets/css/lightbox.css]
[tavern-html.axiomthemes.com/images/course-1.jpg]
[tavern-html.axiomthemes.com/images/course-2.jpg]
[tavern-html.axiomthemes.com/images/course-3.jpg]
[tavern-html.axiomthemes.com/images/course-4.jpg]
[tavern-html.axiomthemes.com/images/course-5.jpg]
[tavern-html.axiomthemes.com/images/course-6.jpg]
[tavern-html.axiomthemes.com/images/course-7.jpg]
[tavern-html.axiomthemes.com/images/course-8.jpg]
[tavern-html.axiomthemes.com/images/course-9.jpg]
[tavern-html.axiomthemes.com/images/Depositphotos_49811149_original.jpg]
[tavern-html.axiomthemes.com/images/Depositphotos_22848496_original.jpg]
[tavern-html.axiomthemes.com/images/Depositphotos_50474927_original.jpg]
[tavern-html.axiomthemes.com/images/Depositphotos_51212555_original.jpg]
[tavern-html.axiomthemes.com/images/Depositphotos_4248292_original.jpg]
[tavern-html.axiomthemes.com/images/Depositphotos_41735639_original.jpg]
[tavern-html.axiomthemes.com/images/home-2-contacts-img.jpg]
[tavern-html.axiomthemes.com/js/vendor/essential-grid/public/assets/js/lightbox.js]
[tavern-html.axiomthemes.com/js/vendor/essential-grid/public/assets/js/jquery.themepunch.tools.min.js]
[tavern-html.axiomthemes.com/js/vendor/essential-grid/public/assets/js/jquery.themepunch.essential.min.js]
[tavern-html.axiomthemes.com/js/custom/_form_contact.js]
[tavern-html.axiomthemes.com/js/vendor/core.min.js]
[tavern-html.axiomthemes.com/js/vendor/widget.min.js]
[tavern-html.axiomthemes.com/js/vendor/tabs.min.js]
[tavern-html.axiomthemes.com/js/vendor/effect.min.js]
[tavern-html.axiomthemes.com/js/vendor/effect-fade.min.js]
[tavern-html.axiomthemes.com/index2.html]
[tavern-html.axiomthemes.com/images/home-3-slide1.jpg]
[tavern-html.axiomthemes.com/images/home-3-slide4.jpg]
[tavern-html.axiomthemes.com/images/home-3-slide3.jpg]
[tavern-html.axiomthemes.com/images/home-3-slide2.jpg]
[tavern-html.axiomthemes.com/images/home-3-slider-text-bg.png]
[tavern-html.axiomthemes.com/images/Depositphotos_57986203_original-260x140.jpg]
[tavern-html.axiomthemes.com/images/Depositphotos_18772761_original-260x140.jpg]
[tavern-html.axiomthemes.com/images/Depositphotos_5022744_original-260x140.jpg]
[tavern-html.axiomthemes.com/images/Depositphotos_41735639_original-260x140.jpg]
[tavern-html.axiomthemes.com/index3.html]
[tavern-html.axiomthemes.com/js/vendor/isotope.pkgd.min.js]
[tavern-html.axiomthemes.com/our-brewery.html]
[tavern-html.axiomthemes.com/images/beers.jpg]
[tavern-html.axiomthemes.com/js/vendor/the-events-calendar/css/datepicker.css]
[tavern-html.axiomthemes.com/js/vendor/the-events-calendar/css/tribe-events-full.min.css]
[tavern-html.axiomthemes.com/js/vendor/the-events-calendar/css/tribe-events-theme.min.css]
[tavern-html.axiomthemes.com/js/vendor/the-events-calendar/css/tribe-events-full-mobile.min.css]
[tavern-html.axiomthemes.com/js/vendor/the-events-calendar/css/tribe-events-theme-mobile.min.css]
[tavern-html.axiomthemes.com/js/vendor/the-events-calendar/css/images/tribe-loading.gif]
[tavern-html.axiomthemes.com/images/Depositphotos_5022728_original-300x200.jpg]
[tavern-html.axiomthemes.com/js/vendor/the-events-calendar/js/jquery.placeholder.min.js]
[tavern-html.axiomthemes.com/js/vendor/the-events-calendar/js/bootstrap-datepicker.js]
[tavern-html.axiomthemes.com/js/vendor/the-events-calendar/js/tribe-events.min.js]
[tavern-html.axiomthemes.com/events-list.html]
[tavern-html.axiomthemes.com/js/vendor/the-events-calendar/js/tribe-events-bar.min.js]
[tavern-html.axiomthemes.com/events-single.html]
[tavern-html.axiomthemes.com/images/red-wine-tapas-3540.jpg]
[tavern-html.axiomthemes.com/images/table-1-2-158x284.png]
[tavern-html.axiomthemes.com/images/table-1-2-hover-158x284.png]
[tavern-html.axiomthemes.com/images/table-bar-2-634x284.png]
[tavern-html.axiomthemes.com/images/table-bar-2-hover-634x284.png]
[tavern-html.axiomthemes.com/images/table-9-2-156x284.png]
[tavern-html.axiomthemes.com/images/table-9-2-hover-156x284.png]
[tavern-html.axiomthemes.com/images/table-2-1.png]
[tavern-html.axiomthemes.com/images/table-2-1-hover.png]
[tavern-html.axiomthemes.com/images/table-4-1.png]
[tavern-html.axiomthemes.com/images/table-4-1-hover.png]
[tavern-html.axiomthemes.com/images/table-8.png]
[tavern-html.axiomthemes.com/images/table-8-hover.png]
[tavern-html.axiomthemes.com/images/table-3-1.png]
[tavern-html.axiomthemes.com/images/table-3-1-hover.png]
[tavern-html.axiomthemes.com/images/table-5-1.png]
[tavern-html.axiomthemes.com/images/table-5-1-hover.png]
[tavern-html.axiomthemes.com/images/table-6-1.png]
[tavern-html.axiomthemes.com/images/table-6-1-hover.png]
[tavern-html.axiomthemes.com/images/table-7-1.png]
[tavern-html.axiomthemes.com/images/table-7-1-hover.png]
[tavern-html.axiomthemes.com/reservation.html]
[tavern-html.axiomthemes.com/features-staff.html]
[tavern-html.axiomthemes.com/images/team_3.jpg]
[tavern-html.axiomthemes.com/js/vendor/prettyphoto/css/prettyPhoto.css]
[tavern-html.axiomthemes.com/images/team2.jpg]
[tavern-html.axiomthemes.com/_https_/player.vimeo.com/video/78577161.f45782.delayed]
[tavern-html.axiomthemes.com/images/Depositphotos_56349665_original.jpg]
[tavern-html.axiomthemes.com/js/vendor/prettyphoto/jquery.prettyPhoto.js]
[tavern-html.axiomthemes.com/features-staff-member-profile.html]
[tavern-html.axiomthemes.com/css/woo/woocommerce-layout.css]
[tavern-html.axiomthemes.com/css/woo/woocommerce-smallscreen.css]
[tavern-html.axiomthemes.com/css/woo/woocommerce.css]
[tavern-html.axiomthemes.com/css/woo/woo-style.css]
[tavern-html.axiomthemes.com/features-beer-shop-product.html]
[tavern-html.axiomthemes.com/images/amstel-033-300x300.jpg]
[tavern-html.axiomthemes.com/images/amstel-6-case-300x300.jpg]
[tavern-html.axiomthemes.com/images/heineken-mini-keg-300x300.jpg]
[tavern-html.axiomthemes.com/images/heineken-033-300x300.jpg]
[tavern-html.axiomthemes.com/images/leffe-300x300.jpg]
[tavern-html.axiomthemes.com/images/leffe-case-300x300.jpg]
[tavern-html.axiomthemes.com/images/new-castle-6-case-300x300.jpg]
[tavern-html.axiomthemes.com/images/newcastle-keg-300x300.jpg]
[tavern-html.axiomthemes.com/images/new-castle-033-300x300.jpg]
[tavern-html.axiomthemes.com/images/heineken-033-180x180.jpg]
[tavern-html.axiomthemes.com/features-beer-shop.html]
[tavern-html.axiomthemes.com/features-404.html]
[tavern-html.axiomthemes.com/images/Depositphotos_5022744_original-280x158.jpg]
[tavern-html.axiomthemes.com/images/Depositphotos_45022533_original-280x158.jpg]
[tavern-html.axiomthemes.com/images/Depositphotos_41735639_original-240x240.jpg]
[tavern-html.axiomthemes.com/features-typography.html]
[tavern-html.axiomthemes.com/js/vendor/mediaelement/css/mediaelementplayer.css]
[tavern-html.axiomthemes.com/sounds/laura.mp3]
[tavern-html.axiomthemes.com/js/vendor/jquery-ui.js]
[tavern-html.axiomthemes.com/_https_/youtube.com/embed/CH5eN6pVK1A.1115782.delayed]
[tavern-html.axiomthemes.com/_video/Beer_Pour.1125782.delayed]
[tavern-html.axiomthemes.com/images/Depositphotos_57986203_original-266x400.jpg]
[tavern-html.axiomthemes.com/images/Depositphotos_18772761_original-614x400.jpg]
[tavern-html.axiomthemes.com/images/Depositphotos_5022744_original-599x400.jpg]
[tavern-html.axiomthemes.com/images/Depositphotos_57986203_original-280x158.jpg]
[tavern-html.axiomthemes.com/images/team_1-350x350.jpg]
[tavern-html.axiomthemes.com/images/team_2-350x350.jpg]
[tavern-html.axiomthemes.com/images/team_3-350x350.jpg]
[tavern-html.axiomthemes.com/images/bigstock-Trendy-young-man-at-home-smil-52362661-350x350.jpg]
[tavern-html.axiomthemes.com/js/vendor/accordion.min.js]
[tavern-html.axiomthemes.com/js/vendor/diagram/chart.min.js]
[tavern-html.axiomthemes.com/features-shortcodes.html]
[tavern-html.axiomthemes.com/images/Depositphotos_57986203_original.jpg]
[tavern-html.axiomthemes.com/js/vendor/mediaelement/mediaelement-and-player.min.js]
[tavern-html.axiomthemes.com/images/bar-chat-chatting-2286.jpg]
[tavern-html.axiomthemes.com/images/kaboompics.com_Water-with-lemon-in-glass.jpg]
[tavern-html.axiomthemes.com/images/Brick-and-Mortar-Brick-and-Mortar-0002.jpg]
[tavern-html.axiomthemes.com/images/oIpwxeeSPy1cnwYpqJ1w_Dufer-Collateral-test.jpg]
[tavern-html.axiomthemes.com/images/Depositphotos_45022533_original.jpg]
[tavern-html.axiomthemes.com/images/Depositphotos_20067713_original.jpg]
[tavern-html.axiomthemes.com/images/Depositphotos_5022744_original.jpg]
[tavern-html.axiomthemes.com/images/kaboompics.com_Spinach-and-Beetroot-Salad.jpg]
[tavern-html.axiomthemes.com/images/Depositphotos_23109712_original.jpg]
[tavern-html.axiomthemes.com/images/Depositphotos_63226171_original.jpg]
[tavern-html.axiomthemes.com/images/Depositphotos_5051904_original.jpg]
[tavern-html.axiomthemes.com/images/82181814.jpg]
[tavern-html.axiomthemes.com/images/Depositphotos_5022728_original.jpg]
[tavern-html.axiomthemes.com/images/Depositphotos_62664067_original.jpg]
[tavern-html.axiomthemes.com/images/team_2.jpg]
[tavern-html.axiomthemes.com/images/beer_table.jpg]
[tavern-html.axiomthemes.com/images/Depositphotos_18772761_original1.jpg]
[tavern-html.axiomthemes.com/images/picjumbo.com_foodiesfeed.com_DSC_0002.jpg]
[tavern-html.axiomthemes.com/images/picjumbo.com_20140314-DSC_0138.jpg]
[tavern-html.axiomthemes.com/images/Brick-and-Mortar-Brick-and-Mortar-0003.jpg]
[tavern-html.axiomthemes.com/images/EnF7DhHROS8OMEp2pCkx_Dufer-food-overhead-hig-res.jpg]
[tavern-html.axiomthemes.com/gallery-cobbles.html]
[tavern-html.axiomthemes.com/gallery-grid.html]
[tavern-html.axiomthemes.com/gallery-margin-grid.html]
[tavern-html.axiomthemes.com/images/Depositphotos_41905871_original.jpg]
[tavern-html.axiomthemes.com/images/Depositphotos_10734202_original.jpg]
[tavern-html.axiomthemes.com/images/Depositphotos_5022746_original.jpg]
[tavern-html.axiomthemes.com/gallery-masonry.html]
[tavern-html.axiomthemes.com/blog_post.html]
[tavern-html.axiomthemes.com/images/Depositphotos_57986203_original-750x422.jpg]
[tavern-html.axiomthemes.com/images/Depositphotos_20067713_original-750x422.jpg]
[tavern-html.axiomthemes.com/images/beers-750x422.jpg]
[tavern-html.axiomthemes.com/images/Depositphotos_18772761_original1-750x422.jpg]
[tavern-html.axiomthemes.com/images/Depositphotos_18772761_original-750x422.jpg]
[tavern-html.axiomthemes.com/blog-streampage.html]
[tavern-html.axiomthemes.com/images/Depositphotos_45022533_original-750x422-750x422.jpg]
[tavern-html.axiomthemes.com/images/beer_table-750x422.jpg]
[tavern-html.axiomthemes.com/images/Depositphotos_63226171_original-750x422.jpg]
[tavern-html.axiomthemes.com/images/Depositphotos_10734202_original-750x422.jpg]
[tavern-html.axiomthemes.com/images/Depositphotos_5051904_original-750x422.jpg]
[tavern-html.axiomthemes.com/images/Depositphotos_5022746_original-750x422.jpg]
[tavern-html.axiomthemes.com/images/team_2-75x75.jpg]
[tavern-html.axiomthemes.com/blog-with-sidebar.html]
[tavern-html.axiomthemes.com/blog-without-sidebar.html]
[tavern-html.axiomthemes.com/contact-us.html]
[tavern-html.axiomthemes.com/images/team_1-75x75.jpg]
[tavern-html.axiomthemes.com/js/vendor/wp-booking-calendar/public/css/mainstyle.css]
[tavern-html.axiomthemes.com/js/vendor/wp-booking-calendar/public/images/prev.png]
[tavern-html.axiomthemes.com/js/vendor/wp-booking-calendar/public/images/next.png]
[tavern-html.axiomthemes.com/book.html]
[tavern-html.axiomthemes.com/cdn-cgi/l/email-protection.html]
[tavern-html.axiomthemes.com/js/vendor/revslider/font/revicons90c6.svg]
[tavern-html.axiomthemes.com/css/fontello/font/fontelloe6ee.svg]
[tavern-html.axiomthemes.com/js/vendor/essential-grid/public/assets/images/ajax-loader.gif]
[tavern-html.axiomthemes.com/js/vendor/essential-grid/public/assets/images/loader.gif]
[tavern-html.axiomthemes.com/js/vendor/essential-grid/public/assets/font/egfontdde9.ttf]
[tavern-html.axiomthemes.com/js/vendor/essential-grid/public/assets/font/egfontdde9.eot]
[tavern-html.axiomthemes.com/js/vendor/essential-grid/public/assets/font/egfontdde9.woff]
[tavern-html.axiomthemes.com/js/vendor/essential-grid/public/assets/css/settings.css]
[tavern-html.axiomthemes.com/js/vendor/essential-grid/public/assets/images/esgbox_sprite.png]
[tavern-html.axiomthemes.com/js/vendor/essential-grid/public/assets/images/esgbox_loading.gif]
[tavern-html.axiomthemes.com/js/vendor/essential-grid/public/assets/images/blank.gif]
[tavern-html.axiomthemes.com/js/vendor/essential-grid/public/assets/images/esgbox_overlay.png]
[tavern-html.axiomthemes.com/js/vendor/essential-grid/public/assets/font/egfontdde9.svg]
[tavern-html.axiomthemes.com/js/vendor/essential-grid/public/assets/images/esgbox_sprite@2x.png]
[tavern-html.axiomthemes.com/js/vendor/essential-grid/public/assets/images/esgbox_loading@2x.gif]
[tavern-html.axiomthemes.com/js/vendor/essential-grid/public/assets/css/lightbox.css]
[tavern-html.axiomthemes.com/js/vendor/the-events-calendar/css/datepicker.css]
[tavern-html.axiomthemes.com/js/vendor/essential-grid/public/assets/images/esgbox_buttons.png]
[tavern-html.axiomthemes.com/js/vendor/the-events-calendar/css/images/tribe-tooltips.png]
[tavern-html.axiomthemes.com/js/vendor/the-events-calendar/css/images/events-bar/icon-month.png]
[tavern-html.axiomthemes.com/js/vendor/the-events-calendar/css/images/events-bar/icon-list.png]
[tavern-html.axiomthemes.com/js/vendor/the-events-calendar/css/images/events-bar/icon-week.png]
[tavern-html.axiomthemes.com/js/vendor/the-events-calendar/css/images/events-bar/icon-day.png]
[tavern-html.axiomthemes.com/js/vendor/the-events-calendar/css/images/events-bar/icon-photo.png]
[tavern-html.axiomthemes.com/js/vendor/the-events-calendar/css/images/events-bar/icon-map.png]
[tavern-html.axiomthemes.com/js/vendor/the-events-calendar/css/images/tribe-tooltips@2x.png]
[tavern-html.axiomthemes.com/js/vendor/the-events-calendar/css/images/events-bar/icon-search@2x.png]
[tavern-html.axiomthemes.com/js/vendor/the-events-calendar/css/images/events-bar/icon-gear@2x.png]
[tavern-html.axiomthemes.com/js/vendor/the-events-calendar/vendor/select2/select2x2.png]
[tavern-html.axiomthemes.com/js/vendor/the-events-calendar/css/images/events-bar/icon-month@2x.png]
[tavern-html.axiomthemes.com/js/vendor/the-events-calendar/css/images/events-bar/icon-list@2x.png]
[tavern-html.axiomthemes.com/js/vendor/the-events-calendar/css/images/events-bar/icon-week@2x.png]
[tavern-html.axiomthemes.com/js/vendor/the-events-calendar/css/images/events-bar/icon-day@2x.png]
[tavern-html.axiomthemes.com/js/vendor/the-events-calendar/css/images/events-bar/icon-photo@2x.png]
[tavern-html.axiomthemes.com/js/vendor/the-events-calendar/css/tribe-events-full.min.css]
[tavern-html.axiomthemes.com/js/vendor/the-events-calendar/css/images/events-bar/icon-map@2x.png]
[tavern-html.axiomthemes.com/js/vendor/the-events-calendar/css/images/tribe-theme/tribe-theme-tooltips.png]
[tavern-html.axiomthemes.com/js/vendor/the-events-calendar/css/tribe-events-theme.min.css]
[tavern-html.axiomthemes.com/js/vendor/the-events-calendar/css/tribe-events-full-mobile.min.css]
[tavern-html.axiomthemes.com/js/vendor/the-events-calendar/css/tribe-events-theme-mobile.min.css]
[tavern-html.axiomthemes.com/js/vendor/the-events-calendar/css/images/tribe-theme/tribe-theme-tooltips@2x.png]
[tavern-html.axiomthemes.com/js/vendor/prettyphoto/images/prettyPhoto/default/sprite.png]
[tavern-html.axiomthemes.com/js/vendor/prettyphoto/images/prettyPhoto/default/sprite_x.png]
[tavern-html.axiomthemes.com/js/vendor/prettyphoto/images/prettyPhoto/default/sprite_y.png]
[tavern-html.axiomthemes.com/js/vendor/prettyphoto/images/prettyPhoto/default/sprite_next.png]
[tavern-html.axiomthemes.com/js/vendor/prettyphoto/images/prettyPhoto/default/sprite_prev.png]
[tavern-html.axiomthemes.com/js/vendor/prettyphoto/images/prettyPhoto/default/default_thumb.png]
[tavern-html.axiomthemes.com/js/vendor/prettyphoto/images/prettyPhoto/default/loader.gif]
[tavern-html.axiomthemes.com/js/vendor/prettyphoto/images/prettyPhoto/light_rounded/sprite.png]
[tavern-html.axiomthemes.com/js/vendor/prettyphoto/images/prettyPhoto/light_rounded/btnNext.png]
[tavern-html.axiomthemes.com/js/vendor/prettyphoto/images/prettyPhoto/light_rounded/btnPrevious.png]
[tavern-html.axiomthemes.com/js/vendor/prettyphoto/images/prettyPhoto/dark_rounded/sprite.png]
[tavern-html.axiomthemes.com/js/vendor/prettyphoto/images/prettyPhoto/dark_rounded/contentPattern.png]
[tavern-html.axiomthemes.com/js/vendor/prettyphoto/images/prettyPhoto/dark_rounded/btnNext.png]
[tavern-html.axiomthemes.com/js/vendor/prettyphoto/images/prettyPhoto/dark_rounded/btnPrevious.png]
[tavern-html.axiomthemes.com/js/vendor/prettyphoto/images/prettyPhoto/dark_rounded/loader.gif]
[tavern-html.axiomthemes.com/js/vendor/prettyphoto/images/prettyPhoto/dark_square/loader.gif]
[tavern-html.axiomthemes.com/js/vendor/prettyphoto/images/prettyPhoto/dark_square/sprite.png]
[tavern-html.axiomthemes.com/js/vendor/prettyphoto/images/prettyPhoto/dark_square/btnNext.png]
[tavern-html.axiomthemes.com/js/vendor/prettyphoto/images/prettyPhoto/dark_square/btnPrevious.png]
[tavern-html.axiomthemes.com/js/vendor/prettyphoto/images/prettyPhoto/light_square/sprite.png]
[tavern-html.axiomthemes.com/js/vendor/prettyphoto/images/prettyPhoto/light_square/btnNext.png]
[tavern-html.axiomthemes.com/js/vendor/prettyphoto/images/prettyPhoto/light_square/btnPrevious.png]
[tavern-html.axiomthemes.com/js/vendor/prettyphoto/images/prettyPhoto/facebook/sprite.png]
[tavern-html.axiomthemes.com/js/vendor/prettyphoto/images/prettyPhoto/facebook/contentPatternTop.png]
[tavern-html.axiomthemes.com/js/vendor/prettyphoto/images/prettyPhoto/facebook/contentPatternLeft.png]
[tavern-html.axiomthemes.com/js/vendor/prettyphoto/images/prettyPhoto/facebook/contentPatternRight.png]
[tavern-html.axiomthemes.com/js/vendor/prettyphoto/images/prettyPhoto/facebook/loader.gif]
[tavern-html.axiomthemes.com/js/vendor/prettyphoto/images/prettyPhoto/facebook/btnNext.png]
[tavern-html.axiomthemes.com/js/vendor/prettyphoto/images/prettyPhoto/facebook/btnPrevious.png]
[tavern-html.axiomthemes.com/js/vendor/prettyphoto/images/prettyPhoto/facebook/contentPatternBottom.png]
[tavern-html.axiomthemes.com/js/vendor/prettyphoto/images/prettyPhoto/facebook/default_thumbnail.gif]
[tavern-html.axiomthemes.com/js/vendor/prettyphoto/css/prettyPhoto.css]
[tavern-html.axiomthemes.com/_https_/player.vimeo.com/video/785771615782.html]
[tavern-html.axiomthemes.com/css/woo/woocommerce-layout.css]
[tavern-html.axiomthemes.com/css/woo/woocommerce-smallscreen.css]
[tavern-html.axiomthemes.com/js/vendor/prettyphoto/images/prettyPhoto/light_rounded/loader.gif]
[tavern-html.axiomthemes.com/css/fonts/star.eot]
[tavern-html.axiomthemes.com/css/fonts/stard41d.eot]
[tavern-html.axiomthemes.com/css/fonts/star.woff]
[tavern-html.axiomthemes.com/css/fonts/star.ttf]
[tavern-html.axiomthemes.com/css/fonts/star.svg]
[tavern-html.axiomthemes.com/css/fonts/WooCommerce.eot]
[tavern-html.axiomthemes.com/css/fonts/WooCommerced41d.eot]
[tavern-html.axiomthemes.com/css/fonts/WooCommerce.woff]
[tavern-html.axiomthemes.com/css/fonts/WooCommerce.ttf]
[tavern-html.axiomthemes.com/css/images/icons/loader.svg]
[tavern-html.axiomthemes.com/css/fonts/WooCommerce.svg]
[tavern-html.axiomthemes.com/css/images/icons/credit-cards/visa.png]
[tavern-html.axiomthemes.com/css/images/icons/credit-cards/mastercard.png]
[tavern-html.axiomthemes.com/css/images/icons/credit-cards/laser.png]
[tavern-html.axiomthemes.com/css/images/icons/credit-cards/diners.png]
[tavern-html.axiomthemes.com/css/images/icons/credit-cards/maestro.png]
[tavern-html.axiomthemes.com/css/images/icons/credit-cards/jcb.png]
[tavern-html.axiomthemes.com/css/images/icons/credit-cards/amex.png]
[tavern-html.axiomthemes.com/css/woo/woocommerce.css]
[tavern-html.axiomthemes.com/css/woo/woo-style.css]
[tavern-html.axiomthemes.com/css/images/icons/credit-cards/discover.png]
[tavern-html.axiomthemes.com/images/amstel-033.jpg]
[tavern-html.axiomthemes.com/images/amstel-033-600x600.jpg]
[tavern-html.axiomthemes.com/images/amstel-6-case.jpg]
[tavern-html.axiomthemes.com/images/amstel-6-case-180x180.jpg]
[tavern-html.axiomthemes.com/images/beer-keg.jpg]
[tavern-html.axiomthemes.com/images/beer-keg-180x180.jpg]
[tavern-html.axiomthemes.com/features-beer-shop-product.html]
[tavern-html.axiomthemes.com/js/vendor/mediaelement/img/mediaelement/bigplay.svg]
[tavern-html.axiomthemes.com/js/vendor/mediaelement/img/mediaelement/bigplay.png]
[tavern-html.axiomthemes.com/js/vendor/mediaelement/img/mediaelement/background.png]
[tavern-html.axiomthemes.com/js/vendor/mediaelement/img/mediaelement/loading.gif]
[tavern-html.axiomthemes.com/js/vendor/mediaelement/img/mediaelement/controls.svg]
[tavern-html.axiomthemes.com/js/vendor/mediaelement/img/mediaelement/controls.png]
[tavern-html.axiomthemes.com/js/vendor/mediaelement/img/mediaelement/skipback.png]
[tavern-html.axiomthemes.com/js/vendor/mediaelement/css/mediaelementplayer.css]
[tavern-html.axiomthemes.com/_https_/youtube.com/embed/CH5eN6pVK1A5782.html]
[tavern-html.axiomthemes.com/_video/Beer_Pour5782.html]
[tavern-html.axiomthemes.com/images/Depositphotos_18772761_original.jpg]
[tavern-html.axiomthemes.com/images/Depositphotos_18772761_original-1150x647.jpg]
[tavern-html.axiomthemes.com/images/no-ava2.jpg]
[tavern-html.axiomthemes.com/images/Depositphotos_57986203_original-400x225.jpg]
[tavern-html.axiomthemes.com/images/Depositphotos_5022744_original-400x225.jpg]
[tavern-html.axiomthemes.com/images/Depositphotos_41735639_original-400x225.jpg]
[tavern-html.axiomthemes.com/images/Depositphotos_20067713_original-400x225.jpg]
[tavern-html.axiomthemes.com/images/beers-400x225.jpg]
[tavern-html.axiomthemes.com/images/Depositphotos_18772761_original1-400x225.jpg]
[tavern-html.axiomthemes.com/blog_post.html]
[tavern-html.axiomthemes.com/js/vendor/wp-booking-calendar/public/font/BEBAS___-webfont.eot]
[tavern-html.axiomthemes.com/js/vendor/wp-booking-calendar/public/font/BEBAS___-webfontd41d.eot]
[tavern-html.axiomthemes.com/js/vendor/wp-booking-calendar/public/font/BEBAS___-webfont.woff]
[tavern-html.axiomthemes.com/js/vendor/wp-booking-calendar/public/font/BEBAS___-webfont.ttf]
[tavern-html.axiomthemes.com/js/vendor/wp-booking-calendar/public/font/BEBAS___-webfont.svg]
[tavern-html.axiomthemes.com/js/vendor/wp-booking-calendar/public/font/Cuprum-webfont.eot]
[tavern-html.axiomthemes.com/js/vendor/wp-booking-calendar/public/font/Cuprum-webfontd41d.eot]
[tavern-html.axiomthemes.com/js/vendor/wp-booking-calendar/public/font/Cuprum-webfont.ttf]
[tavern-html.axiomthemes.com/js/vendor/wp-booking-calendar/public/font/Cuprum-webfont.woff]
[tavern-html.axiomthemes.com/js/vendor/wp-booking-calendar/public/images/sprite.png]
[tavern-html.axiomthemes.com/js/vendor/wp-booking-calendar/public/font/Cuprum-webfont.svg]
[tavern-html.axiomthemes.com/js/vendor/wp-booking-calendar/public/css/mainstyle.css]
[tavern-html.axiomthemes.com/js/vendor/essential-grid/public/assets/font/egfontdde9.svg]
[tavern-html.axiomthemes.com/js/vendor/the-events-calendar/css/images/tribe-tooltips@2x.html]
[tavern-html.axiomthemes.com/css/fonts/star.svg]
[tavern-html.axiomthemes.com/css/fonts/WooCommerce.svg]
[tavern-html.axiomthemes.com/css/images/icons/loader.svg]
[tavern-html.axiomthemes.com/js/vendor/mediaelement/img/mediaelement/bigplay.svg]
[tavern-html.axiomthemes.com/js/vendor/mediaelement/img/mediaelement/controls.svg]
[tavern-html.axiomthemes.com/js/vendor/wp-booking-calendar/public/font/BEBAS___-webfont.svg]
[tavern-html.axiomthemes.com/js/vendor/wp-booking-calendar/public/font/Cuprum-webfont.svg]
